src/components/sections/Hero.tsx(88,26): error TS2304: Cannot find name 'Truck'.
